Warning: some cross references may be broken due to undefined tags:
 (dep ((lib "racket/private/base.rkt") _))
 (dep ((lib "torch/nn/optim.rkt") step!))
 (dep ((lib "racket/contract.rkt") real-in))
 (dep ((lib "racket/private/for.rkt") for/fold))
 (dep ((lib "racket/private/base.rkt") string?))
 (dep ((lib "torch/nn.rkt") kaiming-uniform))
 (dep ((lib "torch/nn/conv.rkt") Conv2d))
 (dep ((lib "torch/vision/diffusion.rkt") upsample?))
 (dep ((lib "torch/nn.rkt") adam))
 (dep ((quote #%kernel) if))
 (dep ((lib "racket/private/base.rkt") for/list))
 (dep ((lib "racket/private/ellipses.rkt") _))
 (dep ((lib "torch/foreign/creation-ops.rkt") rand-like))
 (dep ((lib "racket/private/for.rkt") for*))
 (dep ((lib "torch/nn/batch-norm.rkt") BatchNorm2d))
 (dep ((lib "racket/private/pre-base.rkt") cons))
 (dep ((lib "torch/vision/diffusion.rkt") unet?))
 (dep ((lib "torch/main.rkt") cuda-if-available))
 (dep ((lib "racket/private/pre-base.rkt") box))
 (dep ((lib "racket/private/core-syntax.rkt") unless))
 (dep ((lib "racket/private/base.rkt") positive?))
 (dep ((lib "racket/private/base.rkt") for*))
 (dep ((lib "torch/nn/layer.rkt") buffers))
 (dep ((lib "torch/foreign/creation-ops.rkt") ones-like))
 (dep ((lib "racket/private/pre-base.rkt") unless))
 (dep ((lib "racket/private/pre-base.rkt") values))
 (dep ((lib "racket/private/base.rkt") -))
 (dep ((lib "racket/contract/base.rkt") cons/c))
 (dep ((lib "torch/foreign.rkt") rand-like))
 (dep ((submod (lib "torch/foreign/creation-ops.rkt") checked) tensor))
 (dep ((lib "racket/private/base.rkt") cadr))
 (dep ((lib "racket/base.rkt") if))
 (dep ((lib "racket/private/base.rkt") remainder))
 (dep ((lib "racket/private/base.rkt") ...))
 (dep ((lib "torch/foreign.rkt") ones-like))
 (dep ((lib "racket/base.rkt") submod))
 (dep ((quote #%kernel) +))
 (dep ((lib "racket/private/base.rkt") require))
 (dep ((lib "torch/nn/conv.rkt") conv2d?))
 (dep ((lib "racket/private/pre-base.rkt") -))
 (dep ((lib "racket/private/base.rkt") cons))
 (dep ((lib "racket/private/pre-base.rkt") exact-integer?))
 (dep ((lib "racket/private/pre-base.rkt") cadr))
 (dep ((lib "torch/main.rkt") relu))
 (dep ((lib "torch/nn.rkt") GroupNorm))
 (dep ((lib "racket/contract/private/misc.rkt") </c))
 (dep ((lib "racket/private/pre-base.rkt") car))
 (dep ((lib "racket/private/stxcase-scheme.rkt") ...))
 (dep ((lib "racket/base.rkt") remainder))
 (dep ((lib "torch/nn/layer.rkt") forward))
 (dep ((lib "racket/private/submodule.rkt") module+))
 (dep ((quote #%kernel) remainder))
 (dep ((lib "racket/private/pre-base.rkt") remainder))
 (dep ((lib "racket/base.rkt") set!))
 (dep ((lib "racket/contract.rkt") non-empty-listof))
 (dep ((quote #%kernel) number?))
 (dep ((lib "torch/main.rkt") lambda~>))
 (dep ((lib "racket/private/base.rkt") +))
 (dep ((lib "torch/main.rkt") rand-like))
 (dep ((lib "racket/private/base.rkt") and))
 (dep ((lib "racket/private/base.rkt") exact-nonnegative-integer?))
 (dep ((lib "racket/contract/private/guts.rkt") contract?))
 (dep ((lib "racket/base.rkt") exact-nonnegative-integer?))
 (dep ((lib "racket/contract/private/list.rkt") cons/c))
 (dep ((lib "torch/nn.rkt") named-parameters))
 (dep ((lib "torch/foreign.rkt") stack))
 (dep ((lib "torch/nn.rkt") layer-buffers))
 (dep ((lib "racket/private/pre-base.rkt") for))
 (dep ((lib "torch/foreign/creation-ops.rkt") eye))
 (dep ((lib "racket/contract.rkt") contract?))
 (dep ((lib "racket/private/base.rkt") sequence?))
 (dep ((lib "racket/base.rkt") cons))
 (dep ((lib "torch/foreign/nn-promoted.rkt") upsample-nearest2d))
 (dep ((lib "racket/contract.rkt") <=/c))
 (dep ((lib "torch/foreign/tensor-ops.rkt") stack))
 (dep ((lib "racket/private/letstx-scheme.rkt") unless))
 (dep ((submod (lib "torch/nn/init.rkt") checked) uniform-init))
 (dep ((lib "torch/nn.rkt") layer-parameters))
 (dep ((lib "torch/foreign/ops.rkt") cuda-if-available))
 (dep ((lib "racket/private/pre-base.rkt") real?))
 (dep ((lib "racket/contract/base.rkt") real-in))
 (dep ((lib "racket/base.rkt") in-range))
 (dep ((lib "racket/contract/private/list.rkt") non-empty-listof))
 (dep ((lib "torch/foreign.rkt") narrow))
 (dep ((lib "racket/private/pre-base.rkt") *))
 (dep ((lib "torch/nn/layer.rkt") layer-parameters))
 (dep ((lib "racket/base.rkt") lambda))
 (dep ((quote #%kernel) procedure?))
 (dep ((quote #%kernel) zero?))
 (dep ((lib "racket/private/base.rkt") if))
 (dep ((lib "racket/contract/private/and.rkt") and/c))
 (dep ((lib "torch/main.rkt") stack))
 (dep ((lib "torch/foreign/autograd-ops.rkt") with-no-grad))
 (dep ((lib "racket/private/base.rkt") for/fold))
 (dep ((lib "torch/nn/linear.rkt") linear?))
 (dep ((lib "torch/vision/diffusion.rkt") attention-block?))
 (dep ((lib "torch/nn/layer.rkt") layer-forward))
 (dep ((lib "torch/main.rkt") index-select))
 (dep ((lib "racket/private/pre-base.rkt") zero?))
 (dep ((lib "racket/private/for.rkt") sequence?))
 (dep ((lib "torch/nn.rkt") linear?))
 (dep ((lib "torch/nn/layer.rkt") layer-buffers))
 (dep ((lib "torch/foreign.rkt") with-no-grad))
 (dep ((lib "racket/contract/base.rkt") any))
 (dep ((lib "torch/main.rkt") ~>))
 (dep ((lib "torch/main.rkt") randn-like))
 (dep ((quote #%kernel) /))
 (dep ((lib "racket/private/pre-base.rkt") string?))
 (dep ((lib "torch/foreign/ops.rkt") device))
 (mod-path "racket/base")
 (dep ((lib "racket/base.rkt") list))
 (dep ((lib "racket/private/reqprov.rkt") require))
 (dep ((lib "racket/private/base.rkt") values))
 (dep ((lib "racket/base.rkt") -))
 (dep ((lib "racket/contract.rkt") >=/c))
 (dep ((lib "racket/private/base.rkt") expt))
 (dep ((lib "torch/foreign/promoted.rkt") narrow))
 (dep ((lib "racket/base.rkt") symbol?))
 (dep ((lib "racket/private/pre-base.rkt") boolean?))
 (dep ((quote #%kernel) symbol?))
 (dep ((lib "racket/base.rkt") define))
 (dep ((lib "torch/nn/conv.rkt") max-pool2d?))
 (dep ((lib "racket/private/pre-base.rkt") exact-positive-integer?))
 (dep ((lib "racket/contract/private/list.rkt") list/c))
 (dep ((lib "torch/main.rkt") ones))
 (dep ((lib "torch/main.rkt") eye))
 (dep ((lib "racket/private/base.rkt") bytes?))
 (dep ((lib "torch/nn.rkt") load-state!))
 (dep ((lib "racket/contract/base.rkt") contract-out))
 (dep ((lib "torch/foreign.rkt") select))
 (dep ((lib "racket/private/core-syntax.rkt") and))
 (dep ((lib "torch/nn/dropout.rkt") dropout?))
 (dep ((lib "racket/private/for.rkt") in-range))
 (dep ((lib "racket/base.rkt") struct-type-property?))
 (dep ((lib "threading/private/base.rkt") ~>))
 (dep ((quote #%kernel) list?))
 (dep ((lib "racket/private/base.rkt") define))
 (dep ((lib "torch/foreign/promoted.rkt") index-select))
 (dep ((lib "torch/nn/state-dict.rkt") load-state!))
 (dep ((lib "racket/private/base.rkt") car))
 (dep ((lib "racket/base.rkt") +))
 (dep ((lib "racket/private/base.rkt") exn:fail:contract:arity))
 (dep ((lib "racket/contract.rkt") </c))
 (dep ((lib "torch/foreign/creation-ops.rkt") ones))
 (dep ((lib "racket/contract/base.rkt") ->i))
 (dep ((lib "torch/nn.rkt") Dropout))
 (dep ((lib "racket/private/stxcase-scheme.rkt") _))
 (dep ((lib "torch/foreign.rkt") backward!))
 (dep ((lib "racket/contract/base.rkt") or/c))
 (dep ((quote #%kernel) *))
 (dep ((lib "racket/contract.rkt") ->i))
 (dep ((lib "torch/nn.rkt") Linear))
 (dep ((lib "racket/base.rkt") expt))
 (dep ((lib "racket/private/for.rkt") for/list))
 (dep ((lib "racket/contract/private/orc.rkt") or/c))
 (dep ((lib "racket/private/pre-base.rkt") require))
 (dep ((lib "racket/private/base.rkt") symbol?))
 (dep ((lib "torch/foreign.rkt") transpose))
 (dep ((quote #%kernel) -))
 (dep ((quote #%kernel) string?))
 (dep ((lib "racket/contract/base.rkt") >=/c))
 (dep ((lib "racket/base.rkt") require))
 (dep ((lib "racket/contract.rkt") ->))
 (dep ((lib "racket/base.rkt") boolean?))
 (dep ((quote #%kernel) struct-type-property?))
 (dep ((lib "torch/foreign/creation-ops.rkt") full-like))
 (dep ((lib "racket/contract.rkt") and/c))
 (dep ((lib "racket/private/stxloc.rkt") _))
 (dep ((lib "racket/contract/base.rkt") <=/c))
 (dep ((lib "racket/base.rkt") zero?))
 (dep ((lib "racket/base.rkt") _))
 (dep ((submod (lib "torch/nn/layer.rkt") checked) named-parameters))
 (dep ((lib "racket/private/pre-base.rkt") procedure?))
 (dep ((lib "racket/private/pre-base.rkt") exn:fail:contract:arity))
 (dep ((lib "torch/nn.rkt") parameters))
 (dep ((lib "racket/contract/private/arrow-val-first.rkt") ->*))
 (dep ((lib "torch/main.rkt") @))
 (dep ((lib "racket/contract.rkt") any))
 (dep ((lib "racket/contract.rkt") list/c))
 (dep ((lib "torch/foreign/operators.rkt") @))
 (dep ((quote #%kernel) car))
 (dep ((lib "racket/contract.rkt") cons/c))
 (dep ((lib "torch/nn.rkt") step!))
 (dep ((lib "racket/private/base.rkt") for))
 (dep ((lib "torch/nn.rkt") named-buffers))
 (dep ((lib "racket/private/pre-base.rkt") set!))
 (dep ((lib "racket/private/pre-base.rkt") for/fold))
 (dep ((lib "racket/contract/private/list.rkt") listof))
 (dep ((lib "racket/private/base.rkt") struct-type-property?))
 (dep ((quote #%kernel) real?))
 (dep ((lib "racket/private/pre-base.rkt") /))
 (dep ((submod (lib "torch/nn/init.rkt") checked) kaiming-uniform))
 (dep ((lib "racket/contract.rkt") listof))
 (dep ((lib "racket/base.rkt") unless))
 (dep ((lib "racket/private/pre-base.rkt") +))
 (dep ((lib "racket/base.rkt") pair?))
 (dep ((lib "racket/private/pre-base.rkt") number?))
 (dep ((lib "racket/private/letstx-scheme.rkt") and))
 (dep ((lib "torch/main.rkt") cuda-device))
 (dep ((lib "torch/main.rkt") device))
 (dep ((lib "torch/main.rkt") full-like))
 (dep ((lib "torch/foreign.rkt") tensor?))
 (dep ((lib "racket/private/kernstruct.rkt") exn:fail:contract:arity))
 (dep ((lib "torch/foreign.rkt") device?))
 (dep ((lib "torch/main.rkt") rand))
 (dep ((lib "torch/foreign.rkt") randn-like))
 (dep ((lib "racket/base.rkt") exact-positive-integer?))
 (dep ((lib "racket/private/base.rkt") module+))
 (dep ((lib "racket/private/base.rkt") boolean?))
 (dep ((quote #%kernel) exact-nonnegative-integer?))
 (dep ((lib "racket/contract/base.rkt") flat-contract?))
 (dep ((lib "racket/base.rkt") for/list))
 (dep ((lib "racket/contract/private/misc.rkt") any))
 (dep ((lib "torch/nn/linear.rkt") Linear))
 (dep ((quote #%kernel) void?))
 (dep ((lib "torch/nn.rkt") dropout?))
 (dep ((quote #%kernel) cons))
 (dep ((lib "racket/base.rkt") *))
 (dep ((lib "racket/base.rkt") values))
 (dep ((lib "torch/nn.rkt") layer?))
 (dep ((lib "racket/base.rkt") cadr))
 (dep ((lib "threading/main.rkt") ~>))
 (dep ((lib "racket/contract/base.rkt") ->*))
 (dep ((lib "torch/nn/group-norm.rkt") GroupNorm))
 (dep ((lib "torch/foreign.rkt") full))
 (dep ((lib "racket/private/base.rkt") list?))
 (dep ((lib "racket/private/pre-base.rkt") for*))
 (dep ((lib "racket/private/pre-base.rkt") for/list))
 (dep ((lib "racket/private/base.rkt") pair?))
 (dep ((lib "racket/private/ellipses.rkt") ...))
 (dep ((lib "racket/private/base.rkt") zero?))
 (dep ((lib "torch/foreign.rkt") device))
 (dep ((quote #%kernel) expt))
 (dep ((lib "threading/main.rkt") lambda~>))
 (dep ((lib "racket/contract/base.rkt") non-empty-listof))
 (dep ((lib "racket/contract/base.rkt") list/c))
 (dep ((lib "racket/contract/base.rkt") not/c))
 (dep ((lib "torch/foreign.rkt") @))
 (dep ((lib "racket/private/pre-base.rkt") list))
 (dep ((lib "torch/nn.rkt") uniform-init))
 (dep ((lib "racket/private/base.rkt") exact-positive-integer?))
 (dep ((lib "torch/foreign.rkt") rand))
 (dep ((lib "torch/nn.rkt") Conv2d))
 (dep ((lib "torch/foreign/tensor-ops.rkt") transpose))
 (dep ((quote #%kernel) boolean?))
 (dep ((lib "racket/base.rkt") sequence?))
 (dep ((lib "racket/private/base.rkt") list))
 (dep ((lib "racket/private/base.rkt") real?))
 (dep ((lib "torch/main.rkt") device?))
 (dep ((lib "racket/contract/private/guts.rkt") flat-contract?))
 (dep ((lib "torch/foreign/creation-ops.rkt") randn))
 (dep ((lib "racket/base.rkt") number?))
 (dep ((lib "racket/base.rkt") for*))
 (dep ((lib "racket/private/pre-base.rkt") bytes?))
 (dep ((lib "torch/foreign/tensor-ops.rkt") relu))
 (dep ((lib "racket/private/base.rkt") /))
 (dep ((lib "racket/contract/private/misc.rkt") <=/c))
 (dep ((lib "racket/private/base.rkt") provide))
 (dep ((lib "racket/contract.rkt") not/c))
 (dep ((lib "racket/private/pre-base.rkt") parameterize))
 (dep ((lib "torch/main.rkt") narrow))
 (dep ((lib "torch/main.rkt") full))
 (dep ((quote #%kernel) exact-integer?))
 (dep ((submod (lib "torch/nn/layer.rkt") checked) layer?))
 (dep ((lib "racket/contract/private/misc.rkt") not/c))
 (dep ((quote #%kernel) values))
 (dep ((quote #%kernel) list))
 (dep ((lib "torch/nn.rkt") forward))
 (dep ((lib "racket/base.rkt") list?))
 (dep ((lib "torch/foreign.rkt") eye))
 (dep ((lib "racket/private/pre-base.rkt") symbol?))
 (dep ((lib "torch/foreign/creation-ops.rkt") randn-like))
 (dep ((lib "torch/foreign.rkt") cuda-if-available))
 (dep ((lib "torch/vision/diffusion.rkt") res-block?))
 (dep ((lib "racket/contract.rkt") ->*))
 (dep ((lib "torch/foreign.rkt") upsample-nearest2d))
 (dep ((lib "racket/contract.rkt") any/c))
 (dep ((lib "racket/base.rkt") ...))
 (dep ((lib "torch/foreign/creation-ops.rkt") rand))
 (dep ((lib "racket/base.rkt") provide))
 (dep ((lib "torch/nn/dropout.rkt") Dropout))
 (dep ((lib "racket/private/pre-base.rkt") if))
 (dep ((lib "racket/private/base.rkt") set!))
 (dep ((lib "torch/main.rkt") randn))
 (dep ((lib "racket/private/base.rkt") box))
 (dep ((submod (lib "torch/foreign/structs.rkt") checked) tensor?))
 (dep ((lib "racket/base.rkt") string?))
 (dep ((submod (lib "torch/foreign/device-type.rkt") checked) cuda-device))
 (dep ((lib "racket/private/pre-base.rkt") exact-nonnegative-integer?))
 (dep ((lib "torch/nn/optim.rkt") adam))
 (dep ((lib "racket/base.rkt") procedure?))
 (dep ((lib "racket/private/base.rkt") procedure?))
 (dep ((lib "racket/private/base.rkt") submod))
 (dep ((lib "racket/base.rkt") void?))
 (dep ((lib "racket/base.rkt") exact-integer?))
 (dep ((lib "racket/base.rkt") and))
 (dep ((lib "racket/private/stxcase.rkt") ...))
 (dep ((lib "racket/base.rkt") bytes?))
 (dep ((lib "racket/contract/private/misc.rkt") real-in))
 (dep ((lib "racket/private/pre-base.rkt") lambda))
 (dep ((lib "racket/private/base.rkt") in-range))
 (dep ((lib "racket/contract/base.rkt") contract?))
 (dep ((lib "racket/private/pre-base.rkt") provide))
 (dep ((quote #%kernel) bytes?))
 (dep ((lib "torch/nn/layer.rkt") gen:layer))
 (dep ((lib "racket/base.rkt") real?))
 (dep ((lib "torch/nn/conv.rkt") MaxPool2d))
 (dep ((lib "racket/private/base.rkt") *))
 (dep ((lib "racket/contract/private/arrow-val-first.rkt") ->))
 (dep ((lib "torch/foreign/promoted.rkt") select))
 (dep ((lib "racket/private/base.rkt") unless))
 (dep ((lib "racket/private/pre-base.rkt") sequence?))
 (dep ((submod (lib "torch/nn/layer.rkt") checked) named-buffers))
 (dep ((lib "torch/main.rkt") with-no-grad))
 (dep ((lib "racket/private/pre-base.rkt") submod))
 (dep ((lib "racket/private/base.rkt") lambda))
 (dep ((lib "torch/foreign.rkt") cuda-device))
 (dep ((lib "torch/main.rkt") transpose))
 (dep ((lib "racket/contract/base.rkt") ->))
 (dep ((lib "racket/base.rkt") for/fold))
 (dep ((lib "torch/foreign.rkt") index-select))
 (dep ((lib "racket/contract/private/misc.rkt") any/c))
 (dep ((lib "torch/foreign.rkt") tensor))
 (dep ((lib "racket/base.rkt") box))
 (dep ((lib "torch/foreign.rkt") ones))
 (dep ((lib "torch/foreign.rkt") arange))
 (dep ((lib "torch/vision/diffusion.rkt") time-embedding?))
 (dep ((lib "racket/base.rkt") parameterize))
 (dep ((lib "racket/contract.rkt") flat-contract?))
 (dep ((lib "racket/private/stxcase.rkt") _))
 (dep ((lib "racket/contract/private/misc.rkt") >=/c))
 (dep ((lib "torch/nn.rkt") conv2d?))
 (dep ((lib "racket/base.rkt") for))
 (dep ((lib "torch/nn.rkt") layer-forward))
 (dep ((quote #%kernel) box))
 (dep ((lib "torch/main.rkt") select))
 (dep ((lib "racket/private/pre-base.rkt") struct-type-property?))
 (dep ((lib "racket/private/kw.rkt") new-lambda))
 (dep ((lib "racket/private/pre-base.rkt") in-range))
 (dep ((quote #%kernel) set!))
 (dep ((lib "torch/nn.rkt") Embedding))
 (dep ((lib "racket/private/base.rkt") void?))
 (dep ((lib "torch/nn.rkt") buffers))
 (dep ((lib "racket/private/base.rkt") number?))
 (dep ((lib "racket/base.rkt") car))
 (dep ((lib "torch/vision/diffusion.rkt") downsample?))
 (dep ((quote #%kernel) pair?))
 (dep ((lib "torch/nn/embedding.rkt") Embedding))
 (dep ((lib "racket/contract/private/arr-i.rkt") ->i))
 (dep ((lib "torch/main.rkt") arange))
 (dep ((lib "racket/base.rkt") positive?))
 (dep ((lib "racket/contract/base.rkt") and/c))
 (dep ((lib "racket/contract/base.rkt") </c))
 (dep ((lib "torch/foreign/creation-ops.rkt") arange))
 (dep ((lib "racket/private/pre-base.rkt") pair?))
 (dep ((lib "racket/private/base.rkt") parameterize))
 (dep ((lib "racket/private/more-scheme.rkt") parameterize))
 (dep ((lib "racket/private/base.rkt") exact-integer?))
 (dep ((quote #%kernel) positive?))
 (dep ((lib "racket/private/pre-base.rkt") void?))
 (dep ((lib "racket/base.rkt") module+))
 (dep ((lib "racket/private/pre-base.rkt") expt))
 (dep ((lib "torch/main.rkt") tensor))
 (dep ((lib "racket/private/stxloc.rkt") ...))
 (dep ((lib "torch/main.rkt") ones-like))
 (dep ((lib "racket/private/reqprov.rkt") submod))
 (dep ((lib "racket/private/reqprov.rkt") provide))
 (dep ((lib "racket/contract/base.rkt") any/c))
 (dep ((lib "racket/private/pre-base.rkt") positive?))
 (dep ((lib "racket/contract/base.rkt") listof))
 (dep ((lib "torch/nn.rkt") BatchNorm2d))
 (dep ((lib "racket/private/pre-base.rkt") and))
 (dep ((lib "torch/main.rkt") backward!))
 (dep ((lib "racket/contract/private/out.rkt") contract-out))
 (dep ((lib "racket/private/pre-base.rkt") list?))
 (dep ((lib "racket/private/kw.rkt") new-define))
 (dep ((lib "racket/base.rkt") exn:fail:contract:arity))
 (dep ((lib "torch/nn.rkt") max-pool2d?))
 (dep ((lib "torch/foreign/creation-ops.rkt") full))
 (dep ((lib "racket/contract.rkt") contract-out))
 (dep ((lib "torch/foreign/autograd-ops.rkt") backward!))
 (dep ((lib "torch/main.rkt") upsample-nearest2d))
 (dep ((lib "torch/main.rkt") tensor?))
 (dep ((lib "racket/private/pre-base.rkt") define))
 (dep ((lib "threading/private/base.rkt") lambda~>))
 (dep ((lib "torch/nn.rkt") gen:layer))
 (dep ((quote #%kernel) cadr))
 (dep ((submod (lib "torch/foreign/device-type.rkt") checked) device?))
 (dep ((lib "torch/foreign.rkt") full-like))
 (dep ((lib "racket/contract.rkt") or/c))
 (dep ((lib "torch/foreign.rkt") relu))
 (dep ((lib "torch/nn/layer.rkt") parameters))
 (dep ((quote #%kernel) exact-positive-integer?))
 (dep ((lib "torch/foreign.rkt") randn))
 (dep ((lib "racket/private/for.rkt") for))
 (dep ((lib "racket/base.rkt") /))
 (dep ((lib "torch/nn.rkt") MaxPool2d))
 [Output to .scratch/docs/torch.html]
