building '/nix/store/srngz14nhs7qamf6b680bpbajlvvfm5l-torchrkt-cpp-0.1.0.drv'...
building '/nix/store/7rslfc3b83kjwhsxyziw8031fgjrrnzs-nix-shell-env.drv'...
Staging libtorchrkt (/nix/store/8202kw84fggywslgzmz2gc4qzwp2rx3s-torchrkt-cpp-0.1.0)...
Staging host NVIDIA driver farm...
CUDA shell ready. Verify:
  raco test torch/tests/device-test.rkt
raco test: (submod (file "torch/tests/python-cross-test.rkt") test)
raco test: (submod (file "torch/tests/generated-parity-test.rkt") test)
generated-parity-test.rkt:149:60: read-syntax: unexpected `)`
  context...:
   /nix/store/r499x5jim532jcw2zlhmpcc0wzk6s4zi-racket-9.3/share/racket/collects/syntax/module-reader.rkt:214:17: body
   /nix/store/r499x5jim532jcw2zlhmpcc0wzk6s4zi-racket-9.3/share/racket/collects/syntax/module-reader.rkt:211:2: wrap-internal
   /nix/store/r499x5jim532jcw2zlhmpcc0wzk6s4zi-racket-9.3/share/racket/collects/racket/../syntax/module-reader.rkt:76:9: wrap-internal/wrapper
   /nix/store/r499x5jim532jcw2zlhmpcc0wzk6s4zi-racket-9.3/share/racket/pkgs/compiler-lib/compiler/commands/test.rkt:98:2
   body of (submod "/nix/store/r499x5jim532jcw2zlhmpcc0wzk6s4zi-racket-9.3/share/racket/pkgs/compiler-lib/compiler/commands/test.rkt" process)
   body of top-level
generated-parity-test.rkt: raco test: non-zero exit: 1
raco test: (submod (file "torch/tests/nn-test.rkt") test)
raco test: (submod (file "torch/tests/diffusion-test.rkt") test)
1/5974760 test failures
