raco test: (file "torch/audio/data.rkt")
raco test: (file "torch/audio/functional.rkt")
raco test: (file "torch/audio/librispeech.rkt")
raco test: (file "torch/audio/metrics.rkt")
raco test: (file "torch/data/dataset.rkt")
raco test: (file "torch/data/loader.rkt")
raco test: (file "torch/data/mnist.rkt")
raco test: (file "torch/data/text.rkt")
raco test: (file "torch/foreign/autocast.rkt")
raco test: (file "torch/foreign/autograd-ops.rkt")
raco test: (file "torch/foreign/contracts.rkt")
raco test: (file "torch/foreign/creation-ops.rkt")
raco test: (file "torch/foreign/define-generated.rkt")
raco test: (file "torch/foreign/device-type.rkt")
raco test: (file "torch/foreign/error.rkt")
raco test: (file "torch/foreign/format.rkt")
raco test: (file "torch/foreign/nn-promoted.rkt")
raco test: (file "torch/foreign/operators.rkt")
raco test: (file "torch/foreign/ops.rkt")
raco test: (file "torch/foreign/promoted.rkt")
raco test: (file "torch/foreign/raw/audio.rkt")
raco test: (file "torch/foreign/raw/autocast.rkt")
raco test: (file "torch/foreign/raw/autograd.rkt")
raco test: (file "torch/foreign/raw/creation.rkt")
raco test: (file "torch/foreign/raw/device.rkt")
raco test: (file "torch/foreign/raw/elementwise.rkt")
raco test: (file "torch/foreign/raw/global.rkt")
raco test: (file "torch/foreign/raw/linalg.rkt")
raco test: (file "torch/foreign/raw/memory.rkt")
raco test: (file "torch/foreign/raw/pressure.rkt")
raco test: (file "torch/foreign/raw/random.rkt")
raco test: (file "torch/foreign/raw/reduce.rkt")
raco test: (file "torch/foreign/raw/shape-ops.rkt")
raco test: (file "torch/foreign/raw/spectral.rkt")
raco test: (file "torch/foreign/raw/syntax.rkt")
raco test: (file "torch/foreign/raw/tensor.rkt")
raco test: (file "torch/foreign/ref-syntax.rkt")
raco test: (file "torch/foreign/size.rkt")
raco test: (file "torch/foreign/sized.rkt")
raco test: (file "torch/foreign/slice.rkt")
raco test: (file "torch/foreign/structs.rkt")
raco test: (file "torch/foreign/tensor-ops.rkt")
raco test: (file "torch/foreign.rkt")
raco test: (file "torch/generated.rkt")
raco test: (file "torch/info.rkt")
raco test: (file "torch/main.rkt")
raco test: (file "torch/nn/batch-norm.rkt")
raco test: (file "torch/nn/buffer.rkt")
raco test: (file "torch/nn/conv.rkt")
raco test: (file "torch/nn/dropout.rkt")
raco test: (file "torch/nn/ema.rkt")
raco test: (file "torch/nn/embedding.rkt")
raco test: (file "torch/nn/group-norm.rkt")
raco test: (file "torch/nn/init.rkt")
raco test: (file "torch/nn/layer-hash.rkt")
raco test: (file "torch/nn/layer-list.rkt")
raco test: (file "torch/nn/layer-norm.rkt")
raco test: (file "torch/nn/layer.rkt")
raco test: (file "torch/nn/linear.rkt")
raco test: (file "torch/nn/loss.rkt")
raco test: (file "torch/nn/optim.rkt")
raco test: (file "torch/nn/parameter.rkt")
raco test: (file "torch/nn/scheduler.rkt")
raco test: (file "torch/nn/sequential.rkt")
raco test: (file "torch/nn/state-dict.rkt")
raco test: (file "torch/nn.rkt")
raco test: (file "torch/private/contract.rkt")
raco test: (file "torch/private/definer.rkt")
raco test: (file "torch/private/install-torchrkt-native.rkt")
raco test: (file "torch/private/util.rkt")
raco test: (file "torch/scribblings/contract.scrbl")
raco test: (file "torch/scribblings/data.scrbl")
raco test: (file "torch/scribblings/device.scrbl")
raco test: (file "torch/scribblings/length.scrbl")
raco test: (file "torch/scribblings/nn.scrbl")
raco test: (file "torch/scribblings/shape.scrbl")
raco test: (file "torch/scribblings/torch.scrbl")
raco test: (file "torch/scribblings/vision.scrbl")
raco test: (submod (file "torch/tests/asr-parity-test.rkt") test)
[asr-parity-test] skipped: python3 torch/torchaudio not available (run inside `nix develop`)
raco test: (submod (file "torch/tests/audio-parity-test.rkt") test)
raco test: (submod (file "torch/tests/audio-test.rkt") test)
raco test: (submod (file "torch/tests/autocast-test.rkt") test)
raco test: (submod (file "torch/tests/autograd-test.rkt") test)
raco test: (submod (file "torch/tests/bytes-ingestion-test.rkt") test)
raco test: (submod (file "torch/tests/cifar10-test.rkt") test)
[cifar10-test] archive OK (5 x 10000 train, 10000 test)
raco test: (submod (file "torch/tests/contract-out-test.rkt") test)
raco test: (submod (file "torch/tests/convnet-smoke-test.rkt") test)
raco test: (submod (file "torch/tests/define-dataset-test.rkt") test)
raco test: (submod (file "torch/tests/define-layer-test.rkt") test)
raco test: (submod (file "torch/tests/device-test.rkt") test)
raco test: (submod (file "torch/tests/diffusion-test.rkt") test)
raco test: (submod (file "torch/tests/finalizer-guard-test.rkt") test)
raco test: (submod (file "torch/tests/foreign-test.rkt") test)
raco test: (submod (file "torch/tests/forward-arity-test.rkt") test)
raco test: (submod (file "torch/tests/generated-parity-test.rkt") test)
[generated-parity-test] skipped: python3 `torch` not available (run inside `nix develop`)
raco test: (submod (file "torch/tests/generated-returns-test.rkt") test)
raco test: (submod (file "torch/tests/length-test.rkt") test)
raco test: (submod (file "torch/tests/librispeech-test.rkt") test)
raco test: (submod (file "torch/tests/loader-test.rkt") test)
raco test: (submod (file "torch/tests/metrics-test.rkt") test)
raco test: (submod (file "torch/tests/mnist-test.rkt") test)
[mnist-test] download-cached t10k header OK (10000x28x28)
raco test: (submod (file "torch/tests/mps-pressure-paths-test.rkt") test)
[mps-pressure-paths] no MPS device; skipping
raco test: (submod (file "torch/tests/native-memory-test.rkt") test)
raco test: (submod (file "torch/tests/native-pressure-test.rkt") test)
raco test: (submod (file "torch/tests/native-staging-test.rkt") test)
raco test: (submod (file "torch/tests/nn-contract-test.rkt") test)
raco test: (submod (file "torch/tests/nn-test.rkt") test)
raco test: (submod (file "torch/tests/oom-error-test.rkt") test)
raco test: (submod (file "torch/tests/ppm-test.rkt") test)
raco test: (file "torch/tests/private/python-env.rkt")
raco test: (submod (file "torch/tests/procedure-layer-test.rkt") test)
raco test: (submod (file "torch/tests/python-cross-test.rkt") test)
[python-cross-test] skipped: python3 `torch` not available (run inside `nix develop`)
raco test: (submod (file "torch/tests/scheduler-test.rkt") test)
raco test: (submod (file "torch/tests/selection-ops-test.rkt") test)
raco test: (submod (file "torch/tests/spectral-test.rkt") test)
raco test: (submod (file "torch/tests/tensor-ops-test.rkt") test)
raco test: (submod (file "torch/tests/text-test.rkt") test)
[text-test] load-heart-of-darkness OK (prose stripped)
raco test: (submod (file "torch/tests/to-test.rkt") test)
raco test: (submod (file "torch/tests/transforms-test.rkt") test)
raco test: (submod (file "torch/tests/transpose-shorthand-test.rkt") test)
raco test: (file "torch/vision/cifar10.rkt")
raco test: (file "torch/vision/diffusion.rkt")
raco test: (file "torch/vision/ppm.rkt")
raco test: (file "torch/vision/resnet.rkt")
raco test: (file "torch/vision/transforms.rkt")
raco test: (submod (file "examples/test/00-randn.rkt") test)
raco test: (submod (file "examples/test/01-arith.rkt") test)
raco test: (submod (file "examples/test/02-matmul.rkt") test)
raco test: (submod (file "examples/test/03-autograd.rkt") test)
raco test: (submod (file "examples/test/04-mlp.rkt") test)
raco test: (submod (file "examples/test/05-mnist.rkt") test)
raco test: (submod (file "examples/test/06-gpt.rkt") test)
raco test: (submod (file "examples/test/07-asr.rkt") test)
raco test: (submod (file "examples/test/08-diffusion.rkt") test)
raco test: (submod (file "examples/test/09-resnet.rkt") test)
raco test: (submod (file "examples/test/10-dcgan.rkt") test)
raco test: (submod (file "examples/test/11-vae.rkt") test)
raco test: (file "examples/test/info.rkt")
1583 tests passed
